../Drivers/CMSIS/Include/core_cm0.h:623:22:__NVIC_EnableIRQ	2
../Drivers/CMSIS/Include/core_cm0.h:730:22:__NVIC_SetPriority	2
../Drivers/STM32F0xx_HAL_Driver/Inc/stm32f0xx_ll_adc.h:1410:26:LL_ADC_DMA_GetRegAddr	1
../Drivers/STM32F0xx_HAL_Driver/Inc/stm32f0xx_ll_adc.h:1764:22:LL_ADC_SetSamplingTimeCommonChannels	1
../Drivers/STM32F0xx_HAL_Driver/Inc/stm32f0xx_ll_adc.h:1946:22:LL_ADC_REG_SetSequencerScanDirection	1
../Drivers/STM32F0xx_HAL_Driver/Inc/stm32f0xx_ll_adc.h:2152:22:LL_ADC_REG_SetSequencerChAdd	1
../Drivers/STM32F0xx_HAL_Driver/Inc/stm32f0xx_ll_adc.h:2749:22:LL_ADC_Enable	1
../Drivers/STM32F0xx_HAL_Driver/Inc/stm32f0xx_ll_adc.h:2829:22:LL_ADC_StartCalibration	1
../Drivers/STM32F0xx_HAL_Driver/Inc/stm32f0xx_ll_adc.h:2845:26:LL_ADC_IsCalibrationOnGoing	1
../Drivers/STM32F0xx_HAL_Driver/Inc/stm32f0xx_ll_adc.h:2876:22:LL_ADC_REG_StartConversion	1
../Drivers/STM32F0xx_HAL_Driver/Inc/stm32f0xx_ll_dma.h:582:22:LL_DMA_EnableChannel	1
../Drivers/STM32F0xx_HAL_Driver/Inc/stm32f0xx_ll_dma.h:681:22:LL_DMA_SetDataTransferDirection	1
../Drivers/STM32F0xx_HAL_Driver/Inc/stm32f0xx_ll_dma.h:730:22:LL_DMA_SetMode	1
../Drivers/STM32F0xx_HAL_Driver/Inc/stm32f0xx_ll_dma.h:775:22:LL_DMA_SetPeriphIncMode	1
../Drivers/STM32F0xx_HAL_Driver/Inc/stm32f0xx_ll_dma.h:820:22:LL_DMA_SetMemoryIncMode	1
../Drivers/STM32F0xx_HAL_Driver/Inc/stm32f0xx_ll_dma.h:866:22:LL_DMA_SetPeriphSize	1
../Drivers/STM32F0xx_HAL_Driver/Inc/stm32f0xx_ll_dma.h:913:22:LL_DMA_SetMemorySize	1
../Drivers/STM32F0xx_HAL_Driver/Inc/stm32f0xx_ll_dma.h:961:22:LL_DMA_SetChannelPriorityLevel	1
../Drivers/STM32F0xx_HAL_Driver/Inc/stm32f0xx_ll_dma.h:1008:22:LL_DMA_SetDataLength	1
../Drivers/STM32F0xx_HAL_Driver/Inc/stm32f0xx_ll_dma.h:1059:22:LL_DMA_ConfigAddresses	2
../Drivers/STM32F0xx_HAL_Driver/Inc/stm32f0xx_ll_dma.h:2037:22:LL_DMA_EnableIT_TC	1
../Drivers/STM32F0xx_HAL_Driver/Inc/stm32f0xx_ll_dma.h:2075:22:LL_DMA_EnableIT_TE	1
../Drivers/STM32F0xx_HAL_Driver/Inc/stm32f0xx_ll_rcc.h:667:22:LL_RCC_HSE_EnableCSS	1
../Drivers/STM32F0xx_HAL_Driver/Inc/stm32f0xx_ll_rcc.h:708:22:LL_RCC_HSE_Enable	1
../Drivers/STM32F0xx_HAL_Driver/Inc/stm32f0xx_ll_rcc.h:728:26:LL_RCC_HSE_IsReady	1
../Drivers/STM32F0xx_HAL_Driver/Inc/stm32f0xx_ll_rcc.h:1098:22:LL_RCC_SetSysClkSource	1
../Drivers/STM32F0xx_HAL_Driver/Inc/stm32f0xx_ll_rcc.h:1114:26:LL_RCC_GetSysClkSource	1
../Drivers/STM32F0xx_HAL_Driver/Inc/stm32f0xx_ll_rcc.h:1134:22:LL_RCC_SetAHBPrescaler	1
../Drivers/STM32F0xx_HAL_Driver/Inc/stm32f0xx_ll_rcc.h:1150:22:LL_RCC_SetAPB1Prescaler	1
../Drivers/STM32F0xx_HAL_Driver/Inc/stm32f0xx_ll_rcc.h:1271:22:LL_RCC_SetUSARTClockSource	1
../Drivers/STM32F0xx_HAL_Driver/Inc/stm32f0xx_ll_bus.h:225:22:LL_AHB1_GRP1_EnableClock	1
../Drivers/STM32F0xx_HAL_Driver/Inc/stm32f0xx_ll_bus.h:413:22:LL_APB1_GRP1_EnableClock	1
../Drivers/STM32F0xx_HAL_Driver/Inc/stm32f0xx_ll_bus.h:663:22:LL_APB1_GRP2_EnableClock	1
../Drivers/STM32F0xx_HAL_Driver/Inc/stm32f0xx_ll_system.h:1778:22:LL_FLASH_SetLatency	1
../Drivers/STM32F0xx_HAL_Driver/Inc/stm32f0xx_ll_system.h:1790:26:LL_FLASH_GetLatency	1
../Drivers/STM32F0xx_HAL_Driver/Inc/stm32f0xx_ll_usart.h:576:22:LL_USART_Enable	1
../Drivers/STM32F0xx_HAL_Driver/Inc/stm32f0xx_ll_usart.h:2321:22:LL_USART_ConfigAsyncMode	1
../Drivers/STM32F0xx_HAL_Driver/Inc/stm32f0xx_ll_usart.h:2759:26:LL_USART_IsActiveFlag_TXE	2
../Drivers/STM32F0xx_HAL_Driver/Inc/stm32f0xx_ll_usart.h:3380:22:LL_USART_DisableIT_CTS	1
../Drivers/STM32F0xx_HAL_Driver/Inc/stm32f0xx_ll_usart.h:3724:22:LL_USART_TransmitData8	1
../Drivers/STM32F0xx_HAL_Driver/Inc/stm32f0xx_ll_gpio.h:757:26:LL_GPIO_IsInputPinSet	1
../Drivers/STM32F0xx_HAL_Driver/Inc/stm32f0xx_ll_gpio.h:809:26:LL_GPIO_IsOutputPinSet	1
../Drivers/STM32F0xx_HAL_Driver/Inc/stm32f0xx_ll_gpio.h:838:22:LL_GPIO_SetOutputPin	1
../Drivers/STM32F0xx_HAL_Driver/Inc/stm32f0xx_ll_gpio.h:867:22:LL_GPIO_ResetOutputPin	1
../Core/Src/main.c:66:6:USARTSend	3
../Core/Src/main.c:86:5:main	9
../Core/Src/main.c:200:6:SystemClock_Config	4
../Core/Src/main.c:233:13:MX_ADC_Init	1
../Core/Src/main.c:322:13:MX_USART1_UART_Init	1
../Core/Src/main.c:380:13:MX_DMA_Init	1
../Core/Src/main.c:399:13:MX_GPIO_Init	1
../Core/Src/main.c:477:6:Error_Handler	1
